error: these bounds contain repeated elements
  --> $DIR/repeated_where_clause_or_trait_bound.rs:6:15
   |
LL | fn bad_foo<T: Clone + Clone + Clone + Copy, U: Clone + Copy>(arg0: T, argo1: U) {
   |               ^^^^^^^^^^^^^^^^^^^^^^^^^^^^ help: try: `Clone + Copy`
   |
note: the lint level is defined here
  --> $DIR/repeated_where_clause_or_trait_bound.rs:4:9
   |
LL | #![deny(clippy::repeated_where_clause_or_trait_bound)]
   |         ^^^^^^^^^^^^^^^^^^^^^^^^^^^^^^^^^^^^^^^^^^^^

error: these where clauses contain repeated elements
  --> $DIR/repeated_where_clause_or_trait_bound.rs:12:8
   |
LL |     T: Clone + Clone + Clone + Copy,
   |        ^^^^^^^^^^^^^^^^^^^^^^^^^^^^ help: try: `Clone + Copy`

error: these bounds contain repeated elements
  --> $DIR/repeated_where_clause_or_trait_bound.rs:40:26
   |
LL | trait BadSelfTraitBound: Clone + Clone + Clone {
   |                          ^^^^^^^^^^^^^^^^^^^^^ help: try: `Clone`

error: these where clauses contain repeated elements
  --> $DIR/repeated_where_clause_or_trait_bound.rs:47:15
   |
LL |         Self: Clone + Clone + Clone;
   |               ^^^^^^^^^^^^^^^^^^^^^ help: try: `Clone`

error: these bounds contain repeated elements
  --> $DIR/repeated_where_clause_or_trait_bound.rs:61:24
   |
LL | trait BadTraitBound<T: Clone + Clone + Clone + Copy, U: Clone + Copy> {
   |                        ^^^^^^^^^^^^^^^^^^^^^^^^^^^^ help: try: `Clone + Copy`

error: these where clauses contain repeated elements
  --> $DIR/repeated_where_clause_or_trait_bound.rs:68:12
   |
LL |         T: Clone + Clone + Clone + Copy,
   |            ^^^^^^^^^^^^^^^^^^^^^^^^^^^^ help: try: `Clone + Copy`

error: these bounds contain repeated elements
  --> $DIR/repeated_where_clause_or_trait_bound.rs:101:19
   |
LL | fn bad_generic<T: GenericTrait<u64> + GenericTrait<u32> + GenericTrait<u64>>(arg0: T) {
   |                   ^^^^^^^^^^^^^^^^^^^^^^^^^^^^^^^^^^^^^^^^^^^^^^^^^^^^^^^^^ help: try: `GenericTrait<u32> + GenericTrait<u64>`

error: these bounds contain repeated elements
  --> $DIR/repeated_where_clause_or_trait_bound.rs:109:22
   |
LL | fn qualified_path<T: std::clone::Clone + Clone + foo::Clone>(arg0: T) {
   |                      ^^^^^^^^^^^^^^^^^^^^^^^^^^^^^^^^^^^^^^ help: try: `Clone + foo::Clone`

error: aborting due to 8 previous errors

